#-----------------------------------------------------------
# Vivado v2024.2 (64-bit)
# SW Build 5239630 on Fri Nov 08 22:34:34 MST 2024
# IP Build 5239520 on Sun Nov 10 16:12:51 MST 2024
# SharedData Build 5239561 on Fri Nov 08 14:39:27 MST 2024
# Start of session at: Thu Feb 19 12:27:15 2026
# Process ID         : 137040
# Current directory  : /home/sidbrun/Documents/CVA6/HwDesigns/HwComp_SystemVerilog/Comparators/Comparators.runs/impl_1
# Command line       : vivado -log CompHL.vdi -applog -product Vivado -messageDb vivado.pb -mode batch -source CompHL.tcl -notrace
# Log file           : /home/sidbrun/Documents/CVA6/HwDesigns/HwComp_SystemVerilog/Comparators/Comparators.runs/impl_1/CompHL.vdi
# Journal file       : /home/sidbrun/Documents/CVA6/HwDesigns/HwComp_SystemVerilog/Comparators/Comparators.runs/impl_1/vivado.jou
# Running On         : AlienwareM15R6
# Platform           : Kali
# Operating System   : Kali GNU/Linux Rolling
# Processor Detail   : 11th Gen Intel(R) Core(TM) i7-11800H @ 2.30GHz
# CPU Frequency      : 1601.254 MHz
# CPU Physical cores : 8
# CPU Logical cores  : 16
# Host memory        : 67147 MB
# Swap memory        : 0 MB
# Total Virtual      : 67147 MB
# Available Virtual  : 59083 MB
#-----------------------------------------------------------
source CompHL.tcl -notrace
